// Jest Snapshot v1, https://goo.gl/fbAQLP

exports[`<Config /> Config SnapShot renders config correctly 1`] = `
<div
  className="config container-fluid"
>
  <div
    className="row"
  >
    <div
      className="col"
    >
      <h3>
        Set Jobs
      </h3>
      <p>
        Job A - $20/hour
      </p>
      <p>
        Job B - $30/hour
      </p>
    </div>
  </div>
</div>
`;

exports[`<Config /> Config SnapShot renders config correctly with default props 1`] = `
<div
  className="config container-fluid"
>
  <div
    className="row"
  >
    <div
      className="col"
    >
      <h3>
        Set Jobs
      </h3>
      <p>
        Job A - $20/hour
      </p>
      <p>
        Job B - $30/hour
      </p>
    </div>
  </div>
</div>
`;
